// Jest Snapshot v1, https://goo.gl/fbAQLP

exports[`Should render Login Page components 1`] = `
<div
  className="box-layout"
>
  <div
    className="box-layout__box"
  >
    <h1
      className="box-layout__title"
    >
       Boilerplate 
    </h1>
    <p>
      -tagline-
    </p>
    <button
      className="button"
    >
      Login with Google
    </button>
  </div>
</div>
`;
