// Jest Snapshot v1, https://goo.gl/fbAQLP

exports[`Should render a text saying not found 1`] = `
<div>
  404! Page not found dummy.  
  <Link
    replace={false}
    to="/"
  >
    Go Home
  </Link>
</div>
`;
